// Jest Snapshot v1, https://goo.gl/fbAQLP

exports[`Form render correct 1`] = `
<DocumentFragment>
  <form
    class="customer_info_form"
    id=""
  >
    <div
      class="form-row"
    >
      <div
        class="form-grop col-md-6"
      >
        <label
          for="name"
        >
          姓名
        </label>
        <input
          class="form-control"
          id="name"
          placeholder="陳阿三"
          type="text"
          value=""
        />
      </div>
      <div
        class="form-grop col-md-6"
      >
        <label
          for="cellphone"
        >
          手機
        </label>
        <input
          class="form-control"
          id="cellphone"
          pattern="09[0-9]{8}"
          placeholder="0912345678"
          type="tel"
          value=""
        />
      </div>
    </div>
    <div
      class="form-row"
    >
      <div
        class="form-grop col-md-6"
      >
        <label
          for="cityValue"
        >
          縣市
        </label>
        <select
          class="form-control"
          id="cityValue"
        >
          <option
            value="0"
          >
            臺北市
          </option>
          <option
            value="1"
          >
            基隆市
          </option>
          <option
            value="2"
          >
            新北市
          </option>
          <option
            value="3"
          >
            宜蘭縣
          </option>
          <option
            value="4"
          >
            桃園市
          </option>
          <option
            value="5"
          >
            新竹市
          </option>
          <option
            value="6"
          >
            新竹縣
          </option>
          <option
            value="7"
          >
            苗栗縣
          </option>
          <option
            value="8"
          >
            臺中市
          </option>
          <option
            value="9"
          >
            彰化縣
          </option>
          <option
            value="10"
          >
            南投縣
          </option>
          <option
            value="11"
          >
            嘉義市
          </option>
          <option
            value="12"
          >
            嘉義縣
          </option>
          <option
            value="13"
          >
            雲林縣
          </option>
          <option
            value="14"
          >
            臺南市
          </option>
          <option
            value="15"
          >
            高雄市
          </option>
          <option
            value="16"
          >
            澎湖縣
          </option>
          <option
            value="17"
          >
            金門縣
          </option>
          <option
            value="18"
          >
            屏東縣
          </option>
          <option
            value="19"
          >
            臺東縣
          </option>
          <option
            value="20"
          >
            花蓮縣
          </option>
          <option
            value="21"
          >
            連江縣
          </option>
        </select>
      </div>
      <div
        class="form-grop col-md-4"
      >
        <label
          for="regionValue"
        >
          鄉鎮地區
        </label>
        <select
          class="form-control"
          id="regionValue"
        >
          <option
            value="0"
          >
            中正區
          </option>
          <option
            value="1"
          >
            大同區
          </option>
          <option
            value="2"
          >
            中山區
          </option>
          <option
            value="3"
          >
            松山區
          </option>
          <option
            value="4"
          >
            大安區
          </option>
          <option
            value="5"
          >
            萬華區
          </option>
          <option
            value="6"
          >
            信義區
          </option>
          <option
            value="7"
          >
            士林區
          </option>
          <option
            value="8"
          >
            北投區
          </option>
          <option
            value="9"
          >
            內湖區
          </option>
          <option
            value="10"
          >
            南港區
          </option>
          <option
            value="11"
          >
            文山區
          </option>
        </select>
      </div>
      <div
        class="form-grop col-md-2"
      >
        <label
          for="inputZip"
        >
          郵遞區號
        </label>
        <input
          class="form-control"
          id="inputZip"
          placeholder=""
          type="text"
          value="114"
        />
      </div>
    </div>
    <div
      class="form-row"
    >
      <div
        class="form-grop col-md-12"
      >
        <label
          for="address"
        >
          地址
        </label>
        <input
          class="form-control"
          id="address"
          placeholder=""
          type="text"
          value=""
        />
      </div>
    </div>
    <div
      class="form-row"
    >
      <div
        class="form-grop col-md-12"
      >
        <label
          for="remark"
        >
          備註
        </label>
        <textarea
          class="form-control"
          id="remark"
          rows="3"
        />
      </div>
    </div>
  </form>
</DocumentFragment>
`;
